Terraform Plan Prod	Set up job	ï»¿2026-01-02T06:02:56.1548876Z Current runner version: '2.330.0'
Terraform Plan Prod	Set up job	2026-01-02T06:02:56.1574903Z ##[group]Runner Image Provisioner
Terraform Plan Prod	Set up job	2026-01-02T06:02:56.1575746Z Hosted Compute Agent
Terraform Plan Prod	Set up job	2026-01-02T06:02:56.1576419Z Version: 20251211.462
Terraform Plan Prod	Set up job	2026-01-02T06:02:56.1577035Z Commit: 6cbad8c2bb55d58165063d031ccabf57e2d2db61
Terraform Plan Prod	Set up job	2026-01-02T06:02:56.1577792Z Build Date: 2025-12-11T16:28:49Z
Terraform Plan Prod	Set up job	2026-01-02T06:02:56.1578577Z Worker ID: {cc8295d2-f10b-4f11-abc3-a8bafbda4e72}
Terraform Plan Prod	Set up job	2026-01-02T06:02:56.1579244Z ##[endgroup]
Terraform Plan Prod	Set up job	2026-01-02T06:02:56.1579801Z ##[group]Operating System
Terraform Plan Prod	Set up job	2026-01-02T06:02:56.1580437Z Ubuntu
Terraform Plan Prod	Set up job	2026-01-02T06:02:56.1580948Z 24.04.3
Terraform Plan Prod	Set up job	2026-01-02T06:02:56.1581439Z LTS
Terraform Plan Prod	Set up job	2026-01-02T06:02:56.1581987Z ##[endgroup]
Terraform Plan Prod	Set up job	2026-01-02T06:02:56.1582523Z ##[group]Runner Image
Terraform Plan Prod	Set up job	2026-01-02T06:02:56.1583066Z Image: ubuntu-24.04
Terraform Plan Prod	Set up job	2026-01-02T06:02:56.1583998Z Version: 20251215.174.1
Terraform Plan Prod	Set up job	2026-01-02T06:02:56.1585087Z Included Software: https://github.com/actions/runner-images/blob/ubuntu24/20251215.174/images/ubuntu/Ubuntu2404-Readme.md
Terraform Plan Prod	Set up job	2026-01-02T06:02:56.1586550Z Image Release: https://github.com/actions/runner-images/releases/tag/ubuntu24%2F20251215.174
Terraform Plan Prod	Set up job	2026-01-02T06:02:56.1587702Z ##[endgroup]
Terraform Plan Prod	Set up job	2026-01-02T06:02:56.1588906Z ##[group]GITHUB_TOKEN Permissions
Terraform Plan Prod	Set up job	2026-01-02T06:02:56.1590785Z Contents: read
Terraform Plan Prod	Set up job	2026-01-02T06:02:56.1591497Z Metadata: read
Terraform Plan Prod	Set up job	2026-01-02T06:02:56.1592029Z PullRequests: write
Terraform Plan Prod	Set up job	2026-01-02T06:02:56.1592600Z ##[endgroup]
Terraform Plan Prod	Set up job	2026-01-02T06:02:56.1595538Z Secret source: Actions
Terraform Plan Prod	Set up job	2026-01-02T06:02:56.1596291Z Prepare workflow directory
Terraform Plan Prod	Set up job	2026-01-02T06:02:56.2108402Z Prepare all required actions
Terraform Plan Prod	Set up job	2026-01-02T06:02:56.2145725Z Getting action download info
Terraform Plan Prod	Set up job	2026-01-02T06:02:56.5454269Z Download action repository 'actions/checkout@34e114876b0b11c390a56381ad16ebd13914f8d5' (SHA:34e114876b0b11c390a56381ad16ebd13914f8d5)
Terraform Plan Prod	Set up job	2026-01-02T06:02:56.6313822Z Download action repository 'google-github-actions/auth@c200f3691d83b41bf9bbd8638997a462592937ed' (SHA:c200f3691d83b41bf9bbd8638997a462592937ed)
Terraform Plan Prod	Set up job	2026-01-02T06:02:56.8506874Z Download action repository 'hashicorp/setup-terraform@b9cd54a3c349d3f38e8881555d616ced269862dd' (SHA:b9cd54a3c349d3f38e8881555d616ced269862dd)
Terraform Plan Prod	Set up job	2026-01-02T06:02:57.0305530Z Download action repository 'actions/github-script@d7906e4ad0b1822421a7e6a35d5ca353c962f410' (SHA:d7906e4ad0b1822421a7e6a35d5ca353c962f410)
Terraform Plan Prod	Set up job	2026-01-02T06:02:57.2968708Z Complete job name: Terraform Plan Prod
Terraform Plan Prod	Checkout	ï»¿2026-01-02T06:02:57.3627853Z ##[group]Run actions/checkout@34e114876b0b11c390a56381ad16ebd13914f8d5
Terraform Plan Prod	Checkout	2026-01-02T06:02:57.3628887Z with:
Terraform Plan Prod	Checkout	2026-01-02T06:02:57.3629285Z   repository: billnapier/calendarsync
Terraform Plan Prod	Checkout	2026-01-02T06:02:57.3630042Z   token: ***
Terraform Plan Prod	Checkout	2026-01-02T06:02:57.3630432Z   ssh-strict: true
Terraform Plan Prod	Checkout	2026-01-02T06:02:57.3630821Z   ssh-user: git
Terraform Plan Prod	Checkout	2026-01-02T06:02:57.3631229Z   persist-credentials: true
Terraform Plan Prod	Checkout	2026-01-02T06:02:57.3631682Z   clean: true
Terraform Plan Prod	Checkout	2026-01-02T06:02:57.3632085Z   sparse-checkout-cone-mode: true
Terraform Plan Prod	Checkout	2026-01-02T06:02:57.3632559Z   fetch-depth: 1
Terraform Plan Prod	Checkout	2026-01-02T06:02:57.3632939Z   fetch-tags: false
Terraform Plan Prod	Checkout	2026-01-02T06:02:57.3633589Z   show-progress: true
Terraform Plan Prod	Checkout	2026-01-02T06:02:57.3633995Z   lfs: false
Terraform Plan Prod	Checkout	2026-01-02T06:02:57.3634380Z   submodules: false
Terraform Plan Prod	Checkout	2026-01-02T06:02:57.3634816Z   set-safe-directory: true
Terraform Plan Prod	Checkout	2026-01-02T06:02:57.3635436Z env:
Terraform Plan Prod	Checkout	2026-01-02T06:02:57.3635815Z   TF_VAR_github_owner: billnapier
Terraform Plan Prod	Checkout	2026-01-02T06:02:57.3636299Z   TF_VAR_github_repo: calendarsync
Terraform Plan Prod	Checkout	2026-01-02T06:02:57.3636776Z   TF_VAR_region: us-central1
Terraform Plan Prod	Checkout	2026-01-02T06:02:57.3637206Z   TF_VAR_image_tag: latest
Terraform Plan Prod	Checkout	2026-01-02T06:02:57.3637712Z   TF_VAR_project_id: calendarsync-napier
Terraform Plan Prod	Checkout	2026-01-02T06:02:57.3638239Z   TF_VAR_service_name: python-cloudrun-app
Terraform Plan Prod	Checkout	2026-01-02T06:02:57.3638794Z   TF_VAR_domain_name: calendarsync.billnapier.com
Terraform Plan Prod	Checkout	2026-01-02T06:02:57.3639317Z ##[endgroup]
Terraform Plan Prod	Checkout	2026-01-02T06:02:57.4761494Z Syncing repository: billnapier/calendarsync
Terraform Plan Prod	Checkout	2026-01-02T06:02:57.4764312Z ##[group]Getting Git version info
Terraform Plan Prod	Checkout	2026-01-02T06:02:57.4765099Z Working directory is '/home/runner/work/calendarsync/calendarsync'
Terraform Plan Prod	Checkout	2026-01-02T06:02:57.4766123Z [command]/usr/bin/git version
Terraform Plan Prod	Checkout	2026-01-02T06:02:57.4817499Z git version 2.52.0
Terraform Plan Prod	Checkout	2026-01-02T06:02:57.4843641Z ##[endgroup]
Terraform Plan Prod	Checkout	2026-01-02T06:02:57.4859890Z Temporarily overriding HOME='/home/runner/work/_temp/3e53a7bd-420b-4b1e-b6ee-2fb470c0cd53' before making global git config changes
Terraform Plan Prod	Checkout	2026-01-02T06:02:57.4862545Z Adding repository directory to the temporary git global config as a safe directory
Terraform Plan Prod	Checkout	2026-01-02T06:02:57.4876256Z [command]/usr/bin/git config --global --add safe.directory /home/runner/work/calendarsync/calendarsync
Terraform Plan Prod	Checkout	2026-01-02T06:02:57.4919207Z Deleting the contents of '/home/runner/work/calendarsync/calendarsync'
Terraform Plan Prod	Checkout	2026-01-02T06:02:57.4923234Z ##[group]Initializing the repository
Terraform Plan Prod	Checkout	2026-01-02T06:02:57.4928595Z [command]/usr/bin/git init /home/runner/work/calendarsync/calendarsync
Terraform Plan Prod	Checkout	2026-01-02T06:02:57.5031700Z hint: Using 'master' as the name for the initial branch. This default branch name
Terraform Plan Prod	Checkout	2026-01-02T06:02:57.5032912Z hint: will change to "main" in Git 3.0. To configure the initial branch name
Terraform Plan Prod	Checkout	2026-01-02T06:02:57.5034055Z hint: to use in all of your new repositories, which will suppress this warning,
Terraform Plan Prod	Checkout	2026-01-02T06:02:57.5035038Z hint: call:
Terraform Plan Prod	Checkout	2026-01-02T06:02:57.5035606Z hint:
Terraform Plan Prod	Checkout	2026-01-02T06:02:57.5036143Z hint: 	git config --global init.defaultBranch <name>
Terraform Plan Prod	Checkout	2026-01-02T06:02:57.5036781Z hint:
Terraform Plan Prod	Checkout	2026-01-02T06:02:57.5037615Z hint: Names commonly chosen instead of 'master' are 'main', 'trunk' and
Terraform Plan Prod	Checkout	2026-01-02T06:02:57.5039009Z hint: 'development'. The just-created branch can be renamed via this command:
Terraform Plan Prod	Checkout	2026-01-02T06:02:57.5040134Z hint:
Terraform Plan Prod	Checkout	2026-01-02T06:02:57.5040731Z hint: 	git branch -m <name>
Terraform Plan Prod	Checkout	2026-01-02T06:02:57.5041428Z hint:
Terraform Plan Prod	Checkout	2026-01-02T06:02:57.5042351Z hint: Disable this message with "git config set advice.defaultBranchName false"
Terraform Plan Prod	Checkout	2026-01-02T06:02:57.5044204Z Initialized empty Git repository in /home/runner/work/calendarsync/calendarsync/.git/
Terraform Plan Prod	Checkout	2026-01-02T06:02:57.5050008Z [command]/usr/bin/git remote add origin https://github.com/billnapier/calendarsync
Terraform Plan Prod	Checkout	2026-01-02T06:02:57.5086674Z ##[endgroup]
Terraform Plan Prod	Checkout	2026-01-02T06:02:57.5087765Z ##[group]Disabling automatic garbage collection
Terraform Plan Prod	Checkout	2026-01-02T06:02:57.5091766Z [command]/usr/bin/git config --local gc.auto 0
Terraform Plan Prod	Checkout	2026-01-02T06:02:57.5122717Z ##[endgroup]
Terraform Plan Prod	Checkout	2026-01-02T06:02:57.5123768Z ##[group]Setting up auth
Terraform Plan Prod	Checkout	2026-01-02T06:02:57.5129807Z [command]/usr/bin/git config --local --name-only --get-regexp core\.sshCommand
Terraform Plan Prod	Checkout	2026-01-02T06:02:57.5161512Z [command]/usr/bin/git submodule foreach --recursive sh -c "git config --local --name-only --get-regexp 'core\.sshCommand' && git config --local --unset-all 'core.sshCommand' || :"
Terraform Plan Prod	Checkout	2026-01-02T06:02:57.5497890Z [command]/usr/bin/git config --local --name-only --get-regexp http\.https\:\/\/github\.com\/\.extraheader
Terraform Plan Prod	Checkout	2026-01-02T06:02:57.5530795Z [command]/usr/bin/git submodule foreach --recursive sh -c "git config --local --name-only --get-regexp 'http\.https\:\/\/github\.com\/\.extraheader' && git config --local --unset-all 'http.https://github.com/.extraheader' || :"
Terraform Plan Prod	Checkout	2026-01-02T06:02:57.5772231Z [command]/usr/bin/git config --local --name-only --get-regexp ^includeIf\.gitdir:
Terraform Plan Prod	Checkout	2026-01-02T06:02:57.5815681Z [command]/usr/bin/git submodule foreach --recursive git config --local --show-origin --name-only --get-regexp remote.origin.url
Terraform Plan Prod	Checkout	2026-01-02T06:02:57.6062809Z [command]/usr/bin/git config --local http.https://github.com/.extraheader AUTHORIZATION: basic ***
Terraform Plan Prod	Checkout	2026-01-02T06:02:57.6100694Z ##[endgroup]
Terraform Plan Prod	Checkout	2026-01-02T06:02:57.6101819Z ##[group]Fetching the repository
Terraform Plan Prod	Checkout	2026-01-02T06:02:57.6111120Z [command]/usr/bin/git -c protocol.version=2 fetch --no-tags --prune --no-recurse-submodules --depth=1 origin +c1e00b82db82c49a47efbea3f25256afff4842f6:refs/remotes/origin/feature/add-workflow-dispatch
Terraform Plan Prod	Checkout	2026-01-02T06:02:57.7701213Z From https://github.com/billnapier/calendarsync
Terraform Plan Prod	Checkout	2026-01-02T06:02:57.7702850Z  * [new ref]         c1e00b82db82c49a47efbea3f25256afff4842f6 -> origin/feature/add-workflow-dispatch
Terraform Plan Prod	Checkout	2026-01-02T06:02:57.7735319Z ##[endgroup]
Terraform Plan Prod	Checkout	2026-01-02T06:02:57.7736347Z ##[group]Determining the checkout info
Terraform Plan Prod	Checkout	2026-01-02T06:02:57.7738238Z ##[endgroup]
Terraform Plan Prod	Checkout	2026-01-02T06:02:57.7744004Z [command]/usr/bin/git sparse-checkout disable
Terraform Plan Prod	Checkout	2026-01-02T06:02:57.7786789Z [command]/usr/bin/git config --local --unset-all extensions.worktreeConfig
Terraform Plan Prod	Checkout	2026-01-02T06:02:57.7814464Z ##[group]Checking out the ref
Terraform Plan Prod	Checkout	2026-01-02T06:02:57.7819778Z [command]/usr/bin/git checkout --progress --force -B feature/add-workflow-dispatch refs/remotes/origin/feature/add-workflow-dispatch
Terraform Plan Prod	Checkout	2026-01-02T06:02:57.7892886Z Switched to a new branch 'feature/add-workflow-dispatch'
Terraform Plan Prod	Checkout	2026-01-02T06:02:57.7895021Z branch 'feature/add-workflow-dispatch' set up to track 'origin/feature/add-workflow-dispatch'.
Terraform Plan Prod	Checkout	2026-01-02T06:02:57.7901588Z ##[endgroup]
Terraform Plan Prod	Checkout	2026-01-02T06:02:57.7939621Z [command]/usr/bin/git log -1 --format=%H
Terraform Plan Prod	Checkout	2026-01-02T06:02:57.7963440Z c1e00b82db82c49a47efbea3f25256afff4842f6
Terraform Plan Prod	Authenticate to Google Cloud	ï»¿2026-01-02T06:02:57.8212310Z ##[group]Run google-github-actions/auth@c200f3691d83b41bf9bbd8638997a462592937ed
Terraform Plan Prod	Authenticate to Google Cloud	2026-01-02T06:02:57.8213061Z with:
Terraform Plan Prod	Authenticate to Google Cloud	2026-01-02T06:02:57.8214441Z   workload_identity_provider: ***
Terraform Plan Prod	Authenticate to Google Cloud	2026-01-02T06:02:57.8215191Z   service_account: ***
Terraform Plan Prod	Authenticate to Google Cloud	2026-01-02T06:02:57.8215606Z   create_credentials_file: true
Terraform Plan Prod	Authenticate to Google Cloud	2026-01-02T06:02:57.8216068Z   export_environment_variables: true
Terraform Plan Prod	Authenticate to Google Cloud	2026-01-02T06:02:57.8216538Z   universe: googleapis.com
Terraform Plan Prod	Authenticate to Google Cloud	2026-01-02T06:02:57.8216992Z   cleanup_credentials: true
Terraform Plan Prod	Authenticate to Google Cloud	2026-01-02T06:02:57.8217429Z   access_token_lifetime: 3600s
Terraform Plan Prod	Authenticate to Google Cloud	2026-01-02T06:02:57.8218025Z   access_token_scopes: https://www.googleapis.com/auth/cloud-platform
Terraform Plan Prod	Authenticate to Google Cloud	2026-01-02T06:02:57.8218675Z   id_token_include_email: false
Terraform Plan Prod	Authenticate to Google Cloud	2026-01-02T06:02:57.8219099Z env:
Terraform Plan Prod	Authenticate to Google Cloud	2026-01-02T06:02:57.8219458Z   TF_VAR_github_owner: billnapier
Terraform Plan Prod	Authenticate to Google Cloud	2026-01-02T06:02:57.8219919Z   TF_VAR_github_repo: calendarsync
Terraform Plan Prod	Authenticate to Google Cloud	2026-01-02T06:02:57.8220382Z   TF_VAR_region: us-central1
Terraform Plan Prod	Authenticate to Google Cloud	2026-01-02T06:02:57.8220815Z   TF_VAR_image_tag: latest
Terraform Plan Prod	Authenticate to Google Cloud	2026-01-02T06:02:57.8221251Z   TF_VAR_project_id: calendarsync-napier
Terraform Plan Prod	Authenticate to Google Cloud	2026-01-02T06:02:57.8221815Z   TF_VAR_service_name: python-cloudrun-app
Terraform Plan Prod	Authenticate to Google Cloud	2026-01-02T06:02:57.8222364Z   TF_VAR_domain_name: calendarsync.billnapier.com
Terraform Plan Prod	Authenticate to Google Cloud	2026-01-02T06:02:57.8222883Z ##[endgroup]
Terraform Plan Prod	Authenticate to Google Cloud	2026-01-02T06:02:58.0617984Z Created credentials file at "/home/runner/work/calendarsync/calendarsync/gha-creds-aa41f73ac4e36431.json"
Terraform Plan Prod	Setup Terraform	ï»¿2026-01-02T06:02:58.1414825Z ##[group]Run hashicorp/setup-terraform@b9cd54a3c349d3f38e8881555d616ced269862dd
Terraform Plan Prod	Setup Terraform	2026-01-02T06:02:58.1416695Z with:
Terraform Plan Prod	Setup Terraform	2026-01-02T06:02:58.1417725Z   cli_config_credentials_hostname: app.terraform.io
Terraform Plan Prod	Setup Terraform	2026-01-02T06:02:58.1419134Z   terraform_version: latest
Terraform Plan Prod	Setup Terraform	2026-01-02T06:02:58.1420230Z   terraform_wrapper: true
Terraform Plan Prod	Setup Terraform	2026-01-02T06:02:58.1421234Z env:
Terraform Plan Prod	Setup Terraform	2026-01-02T06:02:58.1422099Z   TF_VAR_github_owner: billnapier
Terraform Plan Prod	Setup Terraform	2026-01-02T06:02:58.1423442Z   TF_VAR_github_repo: calendarsync
Terraform Plan Prod	Setup Terraform	2026-01-02T06:02:58.1424609Z   TF_VAR_region: us-central1
Terraform Plan Prod	Setup Terraform	2026-01-02T06:02:58.1425717Z   TF_VAR_image_tag: latest
Terraform Plan Prod	Setup Terraform	2026-01-02T06:02:58.1426834Z   TF_VAR_project_id: calendarsync-napier
Terraform Plan Prod	Setup Terraform	2026-01-02T06:02:58.1428142Z   TF_VAR_service_name: python-cloudrun-app
Terraform Plan Prod	Setup Terraform	2026-01-02T06:02:58.1429520Z   TF_VAR_domain_name: calendarsync.billnapier.com
Terraform Plan Prod	Setup Terraform	2026-01-02T06:02:58.1432097Z   CLOUDSDK_AUTH_CREDENTIAL_FILE_OVERRIDE: /home/runner/work/calendarsync/calendarsync/gha-creds-aa41f73ac4e36431.json
Terraform Plan Prod	Setup Terraform	2026-01-02T06:02:58.1435866Z   GOOGLE_APPLICATION_CREDENTIALS: /home/runner/work/calendarsync/calendarsync/gha-creds-aa41f73ac4e36431.json
Terraform Plan Prod	Setup Terraform	2026-01-02T06:02:58.1439206Z   GOOGLE_GHA_CREDS_PATH: /home/runner/work/calendarsync/calendarsync/gha-creds-aa41f73ac4e36431.json
Terraform Plan Prod	Setup Terraform	2026-01-02T06:02:58.1441454Z   CLOUDSDK_CORE_PROJECT: calendarsync-napier-dev
Terraform Plan Prod	Setup Terraform	2026-01-02T06:02:58.1442866Z   CLOUDSDK_PROJECT: calendarsync-napier-dev
Terraform Plan Prod	Setup Terraform	2026-01-02T06:02:58.1444381Z   GCLOUD_PROJECT: calendarsync-napier-dev
Terraform Plan Prod	Setup Terraform	2026-01-02T06:02:58.1445693Z   GCP_PROJECT: calendarsync-napier-dev
Terraform Plan Prod	Setup Terraform	2026-01-02T06:02:58.1447021Z   GOOGLE_CLOUD_PROJECT: calendarsync-napier-dev
Terraform Plan Prod	Setup Terraform	2026-01-02T06:02:58.1448310Z ##[endgroup]
Terraform Plan Prod	Setup Terraform	2026-01-02T06:02:58.6444358Z [command]/usr/bin/unzip -o -q /home/runner/work/_temp/4394d750-04ff-4dba-b522-6b89676e88e5
Terraform Plan Prod	Terraform Init	ï»¿2026-01-02T06:02:59.4314206Z ##[group]Run terraform init
Terraform Plan Prod	Terraform Init	2026-01-02T06:02:59.4315275Z [36;1mterraform init[0m
Terraform Plan Prod	Terraform Init	2026-01-02T06:02:59.4358852Z shell: /usr/bin/bash -e {0}
Terraform Plan Prod	Terraform Init	2026-01-02T06:02:59.4359785Z env:
Terraform Plan Prod	Terraform Init	2026-01-02T06:02:59.4360518Z   TF_VAR_github_owner: billnapier
Terraform Plan Prod	Terraform Init	2026-01-02T06:02:59.4361522Z   TF_VAR_github_repo: calendarsync
Terraform Plan Prod	Terraform Init	2026-01-02T06:02:59.4362844Z   TF_VAR_region: us-central1
Terraform Plan Prod	Terraform Init	2026-01-02T06:02:59.4364124Z   TF_VAR_image_tag: latest
Terraform Plan Prod	Terraform Init	2026-01-02T06:02:59.4365063Z   TF_VAR_project_id: calendarsync-napier
Terraform Plan Prod	Terraform Init	2026-01-02T06:02:59.4366190Z   TF_VAR_service_name: python-cloudrun-app
Terraform Plan Prod	Terraform Init	2026-01-02T06:02:59.4367389Z   TF_VAR_domain_name: calendarsync.billnapier.com
Terraform Plan Prod	Terraform Init	2026-01-02T06:02:59.4369577Z   CLOUDSDK_AUTH_CREDENTIAL_FILE_OVERRIDE: /home/runner/work/calendarsync/calendarsync/gha-creds-aa41f73ac4e36431.json
Terraform Plan Prod	Terraform Init	2026-01-02T06:02:59.4372585Z   GOOGLE_APPLICATION_CREDENTIALS: /home/runner/work/calendarsync/calendarsync/gha-creds-aa41f73ac4e36431.json
Terraform Plan Prod	Terraform Init	2026-01-02T06:02:59.4375623Z   GOOGLE_GHA_CREDS_PATH: /home/runner/work/calendarsync/calendarsync/gha-creds-aa41f73ac4e36431.json
Terraform Plan Prod	Terraform Init	2026-01-02T06:02:59.4377662Z   CLOUDSDK_CORE_PROJECT: calendarsync-napier-dev
Terraform Plan Prod	Terraform Init	2026-01-02T06:02:59.4378920Z   CLOUDSDK_PROJECT: calendarsync-napier-dev
Terraform Plan Prod	Terraform Init	2026-01-02T06:02:59.4380064Z   GCLOUD_PROJECT: calendarsync-napier-dev
Terraform Plan Prod	Terraform Init	2026-01-02T06:02:59.4381169Z   GCP_PROJECT: calendarsync-napier-dev
Terraform Plan Prod	Terraform Init	2026-01-02T06:02:59.4382319Z   GOOGLE_CLOUD_PROJECT: calendarsync-napier-dev
Terraform Plan Prod	Terraform Init	2026-01-02T06:02:59.4384018Z   TERRAFORM_CLI_PATH: /home/runner/work/_temp/c91c0a02-a390-4fb3-b121-a3e4ac101e0a
Terraform Plan Prod	Terraform Init	2026-01-02T06:02:59.4385502Z ##[endgroup]
Terraform Plan Prod	Terraform Init	2026-01-02T06:03:01.0041445Z [0m[1mInitializing the backend...[0m
Terraform Plan Prod	Terraform Init	2026-01-02T06:03:01.2664710Z [0m[32m
Terraform Plan Prod	Terraform Init	2026-01-02T06:03:01.2665559Z Successfully configured the backend "gcs"! Terraform will automatically
Terraform Plan Prod	Terraform Init	2026-01-02T06:03:01.2666837Z use this backend unless the backend configuration changes.[0m
Terraform Plan Prod	Terraform Init	2026-01-02T06:03:01.6389784Z [0m[1mInitializing provider plugins...[0m
Terraform Plan Prod	Terraform Init	2026-01-02T06:03:01.6391559Z - Reusing previous version of hashicorp/google from the dependency lock file
Terraform Plan Prod	Terraform Init	2026-01-02T06:03:01.6676386Z - Reusing previous version of hashicorp/google-beta from the dependency lock file
Terraform Plan Prod	Terraform Init	2026-01-02T06:03:01.7320305Z - Installing hashicorp/google v4.85.0...
Terraform Plan Prod	Terraform Init	2026-01-02T06:03:02.9361242Z - Installed hashicorp/google v4.85.0 (signed by HashiCorp)
Terraform Plan Prod	Terraform Init	2026-01-02T06:03:02.9979658Z - Installing hashicorp/google-beta v4.85.0...
Terraform Plan Prod	Terraform Init	2026-01-02T06:03:04.2695781Z - Installed hashicorp/google-beta v4.85.0 (signed by HashiCorp)
Terraform Plan Prod	Terraform Init	2026-01-02T06:03:04.2696301Z 
Terraform Plan Prod	Terraform Init	2026-01-02T06:03:04.2696900Z [0m[1m[32mTerraform has been successfully initialized![0m[32m[0m
Terraform Plan Prod	Terraform Init	2026-01-02T06:03:04.2697457Z [0m[32m
Terraform Plan Prod	Terraform Init	2026-01-02T06:03:04.2698045Z You may now begin working with Terraform. Try running "terraform plan" to see
Terraform Plan Prod	Terraform Init	2026-01-02T06:03:04.2698812Z any changes that are required for your infrastructure. All Terraform commands
Terraform Plan Prod	Terraform Init	2026-01-02T06:03:04.2699375Z should now work.
Terraform Plan Prod	Terraform Init	2026-01-02T06:03:04.2699565Z 
Terraform Plan Prod	Terraform Init	2026-01-02T06:03:04.2699855Z If you ever set or change modules or backend configuration for Terraform,
Terraform Plan Prod	Terraform Init	2026-01-02T06:03:04.2700639Z rerun this command to reinitialize your working directory. If you forget, other
Terraform Plan Prod	Terraform Init	2026-01-02T06:03:04.2701467Z commands will detect it and remind you to do so if necessary.[0m
Terraform Plan Prod	Select Workspace	ï»¿2026-01-02T06:03:04.2953577Z ##[group]Run terraform workspace select prod
Terraform Plan Prod	Select Workspace	2026-01-02T06:03:04.2953954Z [36;1mterraform workspace select prod[0m
Terraform Plan Prod	Select Workspace	2026-01-02T06:03:04.2988417Z shell: /usr/bin/bash -e {0}
Terraform Plan Prod	Select Workspace	2026-01-02T06:03:04.2988658Z env:
Terraform Plan Prod	Select Workspace	2026-01-02T06:03:04.2988859Z   TF_VAR_github_owner: billnapier
Terraform Plan Prod	Select Workspace	2026-01-02T06:03:04.2989112Z   TF_VAR_github_repo: calendarsync
Terraform Plan Prod	Select Workspace	2026-01-02T06:03:04.2989358Z   TF_VAR_region: us-central1
Terraform Plan Prod	Select Workspace	2026-01-02T06:03:04.2989586Z   TF_VAR_image_tag: latest
Terraform Plan Prod	Select Workspace	2026-01-02T06:03:04.2989835Z   TF_VAR_project_id: calendarsync-napier
Terraform Plan Prod	Select Workspace	2026-01-02T06:03:04.2990139Z   TF_VAR_service_name: python-cloudrun-app
Terraform Plan Prod	Select Workspace	2026-01-02T06:03:04.2990446Z   TF_VAR_domain_name: calendarsync.billnapier.com
Terraform Plan Prod	Select Workspace	2026-01-02T06:03:04.2991064Z   CLOUDSDK_AUTH_CREDENTIAL_FILE_OVERRIDE: /home/runner/work/calendarsync/calendarsync/gha-creds-aa41f73ac4e36431.json
Terraform Plan Prod	Select Workspace	2026-01-02T06:03:04.2991832Z   GOOGLE_APPLICATION_CREDENTIALS: /home/runner/work/calendarsync/calendarsync/gha-creds-aa41f73ac4e36431.json
Terraform Plan Prod	Select Workspace	2026-01-02T06:03:04.2992504Z   GOOGLE_GHA_CREDS_PATH: /home/runner/work/calendarsync/calendarsync/gha-creds-aa41f73ac4e36431.json
Terraform Plan Prod	Select Workspace	2026-01-02T06:03:04.2993180Z   CLOUDSDK_CORE_PROJECT: calendarsync-napier-dev
Terraform Plan Prod	Select Workspace	2026-01-02T06:03:04.2993648Z   CLOUDSDK_PROJECT: calendarsync-napier-dev
Terraform Plan Prod	Select Workspace	2026-01-02T06:03:04.2993932Z   GCLOUD_PROJECT: calendarsync-napier-dev
Terraform Plan Prod	Select Workspace	2026-01-02T06:03:04.2994210Z   GCP_PROJECT: calendarsync-napier-dev
Terraform Plan Prod	Select Workspace	2026-01-02T06:03:04.2994494Z   GOOGLE_CLOUD_PROJECT: calendarsync-napier-dev
Terraform Plan Prod	Select Workspace	2026-01-02T06:03:04.2994887Z   TERRAFORM_CLI_PATH: /home/runner/work/_temp/c91c0a02-a390-4fb3-b121-a3e4ac101e0a
Terraform Plan Prod	Select Workspace	2026-01-02T06:03:04.2995242Z ##[endgroup]
Terraform Plan Prod	Select Workspace	2026-01-02T06:03:04.7780049Z [0m[32mSwitched to workspace "prod".[0m
Terraform Plan Prod	Terraform Validate	ï»¿2026-01-02T06:03:04.7904599Z ##[group]Run terraform validate
Terraform Plan Prod	Terraform Validate	2026-01-02T06:03:04.7904931Z [36;1mterraform validate[0m
Terraform Plan Prod	Terraform Validate	2026-01-02T06:03:04.7939128Z shell: /usr/bin/bash -e {0}
Terraform Plan Prod	Terraform Validate	2026-01-02T06:03:04.7939388Z env:
Terraform Plan Prod	Terraform Validate	2026-01-02T06:03:04.7939590Z   TF_VAR_github_owner: billnapier
Terraform Plan Prod	Terraform Validate	2026-01-02T06:03:04.7939858Z   TF_VAR_github_repo: calendarsync
Terraform Plan Prod	Terraform Validate	2026-01-02T06:03:04.7940106Z   TF_VAR_region: us-central1
Terraform Plan Prod	Terraform Validate	2026-01-02T06:03:04.7940328Z   TF_VAR_image_tag: latest
Terraform Plan Prod	Terraform Validate	2026-01-02T06:03:04.7940584Z   TF_VAR_project_id: calendarsync-napier
Terraform Plan Prod	Terraform Validate	2026-01-02T06:03:04.7940875Z   TF_VAR_service_name: python-cloudrun-app
Terraform Plan Prod	Terraform Validate	2026-01-02T06:03:04.7941184Z   TF_VAR_domain_name: calendarsync.billnapier.com
Terraform Plan Prod	Terraform Validate	2026-01-02T06:03:04.7941747Z   CLOUDSDK_AUTH_CREDENTIAL_FILE_OVERRIDE: /home/runner/work/calendarsync/calendarsync/gha-creds-aa41f73ac4e36431.json
Terraform Plan Prod	Terraform Validate	2026-01-02T06:03:04.7942483Z   GOOGLE_APPLICATION_CREDENTIALS: /home/runner/work/calendarsync/calendarsync/gha-creds-aa41f73ac4e36431.json
Terraform Plan Prod	Terraform Validate	2026-01-02T06:03:04.7943133Z   GOOGLE_GHA_CREDS_PATH: /home/runner/work/calendarsync/calendarsync/gha-creds-aa41f73ac4e36431.json
Terraform Plan Prod	Terraform Validate	2026-01-02T06:03:04.7943878Z   CLOUDSDK_CORE_PROJECT: calendarsync-napier-dev
Terraform Plan Prod	Terraform Validate	2026-01-02T06:03:04.7944185Z   CLOUDSDK_PROJECT: calendarsync-napier-dev
Terraform Plan Prod	Terraform Validate	2026-01-02T06:03:04.7944467Z   GCLOUD_PROJECT: calendarsync-napier-dev
Terraform Plan Prod	Terraform Validate	2026-01-02T06:03:04.7944743Z   GCP_PROJECT: calendarsync-napier-dev
Terraform Plan Prod	Terraform Validate	2026-01-02T06:03:04.7945026Z   GOOGLE_CLOUD_PROJECT: calendarsync-napier-dev
Terraform Plan Prod	Terraform Validate	2026-01-02T06:03:04.7945418Z   TERRAFORM_CLI_PATH: /home/runner/work/_temp/c91c0a02-a390-4fb3-b121-a3e4ac101e0a
Terraform Plan Prod	Terraform Validate	2026-01-02T06:03:04.7945781Z ##[endgroup]
Terraform Plan Prod	Terraform Validate	2026-01-02T06:03:05.7014436Z [32m[1mSuccess![0m The configuration is valid.
Terraform Plan Prod	Terraform Validate	2026-01-02T06:03:05.7015428Z [0m
Terraform Plan Prod	Terraform Plan	ï»¿2026-01-02T06:03:05.7156715Z ##[group]Run terraform plan -no-color -input=false -var-file=prod.tfvars
Terraform Plan Prod	Terraform Plan	2026-01-02T06:03:05.7158121Z [36;1mterraform plan -no-color -input=false -var-file=prod.tfvars[0m
Terraform Plan Prod	Terraform Plan	2026-01-02T06:03:05.7192503Z shell: /usr/bin/bash -e {0}
Terraform Plan Prod	Terraform Plan	2026-01-02T06:03:05.7192751Z env:
Terraform Plan Prod	Terraform Plan	2026-01-02T06:03:05.7192957Z   TF_VAR_github_owner: billnapier
Terraform Plan Prod	Terraform Plan	2026-01-02T06:03:05.7193228Z   TF_VAR_github_repo: calendarsync
Terraform Plan Prod	Terraform Plan	2026-01-02T06:03:05.7193734Z   TF_VAR_region: us-central1
Terraform Plan Prod	Terraform Plan	2026-01-02T06:03:05.7193963Z   TF_VAR_image_tag: latest
Terraform Plan Prod	Terraform Plan	2026-01-02T06:03:05.7194212Z   TF_VAR_project_id: calendarsync-napier
Terraform Plan Prod	Terraform Plan	2026-01-02T06:03:05.7194502Z   TF_VAR_service_name: python-cloudrun-app
Terraform Plan Prod	Terraform Plan	2026-01-02T06:03:05.7194824Z   TF_VAR_domain_name: calendarsync.billnapier.com
Terraform Plan Prod	Terraform Plan	2026-01-02T06:03:05.7195400Z   CLOUDSDK_AUTH_CREDENTIAL_FILE_OVERRIDE: /home/runner/work/calendarsync/calendarsync/gha-creds-aa41f73ac4e36431.json
Terraform Plan Prod	Terraform Plan	2026-01-02T06:03:05.7196135Z   GOOGLE_APPLICATION_CREDENTIALS: /home/runner/work/calendarsync/calendarsync/gha-creds-aa41f73ac4e36431.json
Terraform Plan Prod	Terraform Plan	2026-01-02T06:03:05.7196824Z   GOOGLE_GHA_CREDS_PATH: /home/runner/work/calendarsync/calendarsync/gha-creds-aa41f73ac4e36431.json
Terraform Plan Prod	Terraform Plan	2026-01-02T06:03:05.7197300Z   CLOUDSDK_CORE_PROJECT: calendarsync-napier-dev
Terraform Plan Prod	Terraform Plan	2026-01-02T06:03:05.7197608Z   CLOUDSDK_PROJECT: calendarsync-napier-dev
Terraform Plan Prod	Terraform Plan	2026-01-02T06:03:05.7197897Z   GCLOUD_PROJECT: calendarsync-napier-dev
Terraform Plan Prod	Terraform Plan	2026-01-02T06:03:05.7198181Z   GCP_PROJECT: calendarsync-napier-dev
Terraform Plan Prod	Terraform Plan	2026-01-02T06:03:05.7198468Z   GOOGLE_CLOUD_PROJECT: calendarsync-napier-dev
Terraform Plan Prod	Terraform Plan	2026-01-02T06:03:05.7198897Z   TERRAFORM_CLI_PATH: /home/runner/work/_temp/c91c0a02-a390-4fb3-b121-a3e4ac101e0a
Terraform Plan Prod	Terraform Plan	2026-01-02T06:03:05.7199269Z ##[endgroup]
Terraform Plan Prod	Terraform Plan	2026-01-02T06:03:07.6995313Z google_project_service.secretmanager_api: Refreshing state... [id=calendarsync-napier/secretmanager.googleapis.com]
Terraform Plan Prod	Terraform Plan	2026-01-02T06:03:07.6996948Z data.google_iam_policy.noauth: Reading...
Terraform Plan Prod	Terraform Plan	2026-01-02T06:03:07.6999190Z google_service_account.github_actions: Refreshing state... [id=projects/calendarsync-napier/serviceAccounts/github-actions-sa@calendarsync-napier.iam.gserviceaccount.com]
Terraform Plan Prod	Terraform Plan	2026-01-02T06:03:07.7004646Z google_project_service.iam_api: Refreshing state... [id=calendarsync-napier/iam.googleapis.com]
Terraform Plan Prod	Terraform Plan	2026-01-02T06:03:07.7005724Z google_project_service.cloudbuild_api: Refreshing state... [id=calendarsync-napier/cloudbuild.googleapis.com]
Terraform Plan Prod	Terraform Plan	2026-01-02T06:03:07.7006924Z google_project_service.artifact_registry_api: Refreshing state... [id=calendarsync-napier/artifactregistry.googleapis.com]
Terraform Plan Prod	Terraform Plan	2026-01-02T06:03:07.7008232Z google_project_service.cloudresourcemanager_api: Refreshing state... [id=calendarsync-napier/cloudresourcemanager.googleapis.com]
Terraform Plan Prod	Terraform Plan	2026-01-02T06:03:07.7009403Z google_project_service.run_api: Refreshing state... [id=calendarsync-napier/run.googleapis.com]
Terraform Plan Prod	Terraform Plan	2026-01-02T06:03:07.7010500Z google_project_service.iamcredentials_api: Refreshing state... [id=calendarsync-napier/iamcredentials.googleapis.com]
Terraform Plan Prod	Terraform Plan	2026-01-02T06:03:07.7011482Z data.google_iam_policy.noauth: Read complete after 0s [id=3450855414]
Terraform Plan Prod	Terraform Plan	2026-01-02T06:03:07.7012430Z google_project_service.firestore_api: Refreshing state... [id=calendarsync-napier/firestore.googleapis.com]
Terraform Plan Prod	Terraform Plan	2026-01-02T06:03:07.7822885Z google_project_service.serviceusage_api: Refreshing state... [id=calendarsync-napier/serviceusage.googleapis.com]
Terraform Plan Prod	Terraform Plan	2026-01-02T06:03:07.9228536Z data.google_project.project: Reading...
Terraform Plan Prod	Terraform Plan	2026-01-02T06:03:07.9243622Z google_iam_workload_identity_pool.github_pool: Refreshing state... [id=projects/calendarsync-napier/locations/global/workloadIdentityPools/github-pool]
Terraform Plan Prod	Terraform Plan	2026-01-02T06:03:08.1555802Z 
Terraform Plan Prod	Terraform Plan	2026-01-02T06:03:08.1556414Z Terraform used the selected providers to generate the following execution
Terraform Plan Prod	Terraform Plan	2026-01-02T06:03:08.1557103Z plan. Resource actions are indicated with the following symbols:
Terraform Plan Prod	Terraform Plan	2026-01-02T06:03:08.1557608Z   + create
Terraform Plan Prod	Terraform Plan	2026-01-02T06:03:08.1557794Z 
Terraform Plan Prod	Terraform Plan	2026-01-02T06:03:08.1558138Z Terraform planned the following actions, but then encountered a problem:
Terraform Plan Prod	Terraform Plan	2026-01-02T06:03:08.1558566Z 
Terraform Plan Prod	Terraform Plan	2026-01-02T06:03:08.1558776Z   # google_project_service.calendar_api will be created
Terraform Plan Prod	Terraform Plan	2026-01-02T06:03:08.1559743Z   + resource "google_project_service" "calendar_api" {
Terraform Plan Prod	Terraform Plan	2026-01-02T06:03:08.1560211Z       + disable_on_destroy = false
Terraform Plan Prod	Terraform Plan	2026-01-02T06:03:08.1560593Z       + id                 = (known after apply)
Terraform Plan Prod	Terraform Plan	2026-01-02T06:03:08.1561021Z       + project            = (known after apply)
Terraform Plan Prod	Terraform Plan	2026-01-02T06:03:08.1561481Z       + service            = "calendar-json.googleapis.com"
Terraform Plan Prod	Terraform Plan	2026-01-02T06:03:08.1561917Z     }
Terraform Plan Prod	Terraform Plan	2026-01-02T06:03:08.1562071Z 
Terraform Plan Prod	Terraform Plan	2026-01-02T06:03:08.1562231Z Plan: 1 to add, 0 to change, 0 to destroy.
Terraform Plan Prod	Terraform Plan	2026-01-02T06:03:08.1567678Z 
Terraform Plan Prod	Terraform Plan	2026-01-02T06:03:08.1571081Z Error: Error when reading or editing IAMBetaWorkloadIdentityPool "projects/calendarsync-napier/locations/global/workloadIdentityPools/github-pool": googleapi: Error 403: Caller does not have required permission to use project calendarsync-napier. Grant the caller the roles/serviceusage.serviceUsageConsumer role, or a custom role with the serviceusage.services.use permission, by visiting https://console.developers.google.com/iam-admin/iam/project?project=calendarsync-napier and then retry. Propagation of the new permission may take a few minutes.
Terraform Plan Prod	Terraform Plan	2026-01-02T06:03:08.1574404Z Details:
Terraform Plan Prod	Terraform Plan	2026-01-02T06:03:08.1574679Z [
Terraform Plan Prod	Terraform Plan	2026-01-02T06:03:08.1574911Z   {
Terraform Plan Prod	Terraform Plan	2026-01-02T06:03:08.1575240Z     "@type": "type.googleapis.com/google.rpc.ErrorInfo",
Terraform Plan Prod	Terraform Plan	2026-01-02T06:03:08.1575712Z     "domain": "googleapis.com",
Terraform Plan Prod	Terraform Plan	2026-01-02T06:03:08.1576047Z     "metadata": {
Terraform Plan Prod	Terraform Plan	2026-01-02T06:03:08.1576387Z       "consumer": "projects/calendarsync-napier",
Terraform Plan Prod	Terraform Plan	2026-01-02T06:03:08.1576847Z       "containerInfo": "calendarsync-napier",
Terraform Plan Prod	Terraform Plan	2026-01-02T06:03:08.1577276Z       "service": "iam.googleapis.com"
Terraform Plan Prod	Terraform Plan	2026-01-02T06:03:08.1577634Z     },
Terraform Plan Prod	Terraform Plan	2026-01-02T06:03:08.1577909Z     "reason": "USER_PROJECT_DENIED"
Terraform Plan Prod	Terraform Plan	2026-01-02T06:03:08.1578253Z   },
Terraform Plan Prod	Terraform Plan	2026-01-02T06:03:08.1578726Z   {
Terraform Plan Prod	Terraform Plan	2026-01-02T06:03:08.1579091Z     "@type": "type.googleapis.com/google.rpc.LocalizedMessage",
Terraform Plan Prod	Terraform Plan	2026-01-02T06:03:08.1579575Z     "locale": "en-US",
Terraform Plan Prod	Terraform Plan	2026-01-02T06:03:08.1581729Z     "message": "Caller does not have required permission to use project calendarsync-napier. Grant the caller the roles/serviceusage.serviceUsageConsumer role, or a custom role with the serviceusage.services.use permission, by visiting https://console.developers.google.com/iam-admin/iam/project?project=calendarsync-napier and then retry. Propagation of the new permission may take a few minutes."
Terraform Plan Prod	Terraform Plan	2026-01-02T06:03:08.1584124Z   },
Terraform Plan Prod	Terraform Plan	2026-01-02T06:03:08.1584376Z   {
Terraform Plan Prod	Terraform Plan	2026-01-02T06:03:08.1584686Z     "@type": "type.googleapis.com/google.rpc.Help",
Terraform Plan Prod	Terraform Plan	2026-01-02T06:03:08.1585094Z     "links": [
Terraform Plan Prod	Terraform Plan	2026-01-02T06:03:08.1585283Z       {
Terraform Plan Prod	Terraform Plan	2026-01-02T06:03:08.1585509Z         "description": "Google developer console IAM admin",
Terraform Plan Prod	Terraform Plan	2026-01-02T06:03:08.1585998Z         "url": "https://console.developers.google.com/iam-admin/iam/project?project=calendarsync-napier"
Terraform Plan Prod	Terraform Plan	2026-01-02T06:03:08.1586431Z       }
Terraform Plan Prod	Terraform Plan	2026-01-02T06:03:08.1586592Z     ]
Terraform Plan Prod	Terraform Plan	2026-01-02T06:03:08.1586748Z   }
Terraform Plan Prod	Terraform Plan	2026-01-02T06:03:08.1586907Z ]
Terraform Plan Prod	Terraform Plan	2026-01-02T06:03:08.1587006Z 
Terraform Plan Prod	Terraform Plan	2026-01-02T06:03:08.1587140Z   with google_iam_workload_identity_pool.github_pool,
Terraform Plan Prod	Terraform Plan	2026-01-02T06:03:08.1587540Z   on iam.tf line 1, in resource "google_iam_workload_identity_pool" "github_pool":
Terraform Plan Prod	Terraform Plan	2026-01-02T06:03:08.1587974Z    1: resource "google_iam_workload_identity_pool" "github_pool" {
Terraform Plan Prod	Terraform Plan	2026-01-02T06:03:08.1588208Z 
Terraform Plan Prod	Terraform Plan	2026-01-02T06:03:08.1588245Z 
Terraform Plan Prod	Terraform Plan	2026-01-02T06:03:08.1589049Z Error: Error when reading or editing Service Account "projects/calendarsync-napier/serviceAccounts/github-actions-sa@calendarsync-napier.iam.gserviceaccount.com": googleapi: Error 403: Permission 'iam.serviceAccounts.get' denied on resource (or it may not exist).
Terraform Plan Prod	Terraform Plan	2026-01-02T06:03:08.1589979Z Details:
Terraform Plan Prod	Terraform Plan	2026-01-02T06:03:08.1590150Z [
Terraform Plan Prod	Terraform Plan	2026-01-02T06:03:08.1590307Z   {
Terraform Plan Prod	Terraform Plan	2026-01-02T06:03:08.1590534Z     "@type": "type.googleapis.com/google.rpc.ErrorInfo",
Terraform Plan Prod	Terraform Plan	2026-01-02T06:03:08.1590846Z     "domain": "iam.googleapis.com",
Terraform Plan Prod	Terraform Plan	2026-01-02T06:03:08.1591089Z     "metadata": {
Terraform Plan Prod	Terraform Plan	2026-01-02T06:03:08.1591309Z       "permission": "iam.serviceAccounts.get"
Terraform Plan Prod	Terraform Plan	2026-01-02T06:03:08.1591553Z     },
Terraform Plan Prod	Terraform Plan	2026-01-02T06:03:08.1591743Z     "reason": "IAM_PERMISSION_DENIED"
Terraform Plan Prod	Terraform Plan	2026-01-02T06:03:08.1592214Z   }
Terraform Plan Prod	Terraform Plan	2026-01-02T06:03:08.1592407Z ]
Terraform Plan Prod	Terraform Plan	2026-01-02T06:03:08.1592574Z , forbidden
Terraform Plan Prod	Terraform Plan	2026-01-02T06:03:08.1592713Z 
Terraform Plan Prod	Terraform Plan	2026-01-02T06:03:08.1592828Z   with google_service_account.github_actions,
Terraform Plan Prod	Terraform Plan	2026-01-02T06:03:08.1593163Z   on iam.tf line 25, in resource "google_service_account" "github_actions":
Terraform Plan Prod	Terraform Plan	2026-01-02T06:03:08.1593784Z   25: resource "google_service_account" "github_actions" {
Terraform Plan Prod	Terraform Plan	2026-01-02T06:03:08.1594002Z 
Terraform Plan Prod	Terraform Plan	2026-01-02T06:03:08.1607401Z 
Terraform Plan Prod	Terraform Plan	2026-01-02T06:03:08.1608563Z Error: Error when reading or editing Project Service calendarsync-napier/run.googleapis.com: googleapi: Error 403: The caller does not have permission, forbidden
Terraform Plan Prod	Terraform Plan	2026-01-02T06:03:08.1609746Z 
Terraform Plan Prod	Terraform Plan	2026-01-02T06:03:08.1610116Z   with google_project_service.run_api,
Terraform Plan Prod	Terraform Plan	2026-01-02T06:03:08.1610653Z   on main.tf line 24, in resource "google_project_service" "run_api":
Terraform Plan Prod	Terraform Plan	2026-01-02T06:03:08.1611146Z   24: resource "google_project_service" "run_api" {
Terraform Plan Prod	Terraform Plan	2026-01-02T06:03:08.1611358Z 
Terraform Plan Prod	Terraform Plan	2026-01-02T06:03:08.1632267Z 
Terraform Plan Prod	Terraform Plan	2026-01-02T06:03:08.1635181Z Error: Error when reading or editing Project Service calendarsync-napier/artifactregistry.googleapis.com: googleapi: Error 403: The caller does not have permission, forbidden
Terraform Plan Prod	Terraform Plan	2026-01-02T06:03:08.1636133Z 
Terraform Plan Prod	Terraform Plan	2026-01-02T06:03:08.1636270Z   with google_project_service.artifact_registry_api,
Terraform Plan Prod	Terraform Plan	2026-01-02T06:03:08.1636763Z   on main.tf line 34, in resource "google_project_service" "artifact_registry_api":
Terraform Plan Prod	Terraform Plan	2026-01-02T06:03:08.1637219Z   34: resource "google_project_service" "artifact_registry_api" {
Terraform Plan Prod	Terraform Plan	2026-01-02T06:03:08.1637459Z 
Terraform Plan Prod	Terraform Plan	2026-01-02T06:03:08.1658274Z 
Terraform Plan Prod	Terraform Plan	2026-01-02T06:03:08.1659267Z Error: Error when reading or editing Project Service calendarsync-napier/cloudbuild.googleapis.com: googleapi: Error 403: The caller does not have permission, forbidden
Terraform Plan Prod	Terraform Plan	2026-01-02T06:03:08.1660495Z 
Terraform Plan Prod	Terraform Plan	2026-01-02T06:03:08.1660664Z   with google_project_service.cloudbuild_api,
Terraform Plan Prod	Terraform Plan	2026-01-02T06:03:08.1661212Z   on main.tf line 39, in resource "google_project_service" "cloudbuild_api":
Terraform Plan Prod	Terraform Plan	2026-01-02T06:03:08.1661816Z   39: resource "google_project_service" "cloudbuild_api" {
Terraform Plan Prod	Terraform Plan	2026-01-02T06:03:08.1662100Z 
Terraform Plan Prod	Terraform Plan	2026-01-02T06:03:08.1684457Z 
Terraform Plan Prod	Terraform Plan	2026-01-02T06:03:08.1685389Z Error: Error when reading or editing Project Service calendarsync-napier/iam.googleapis.com: googleapi: Error 403: The caller does not have permission, forbidden
Terraform Plan Prod	Terraform Plan	2026-01-02T06:03:08.1686268Z 
Terraform Plan Prod	Terraform Plan	2026-01-02T06:03:08.1686416Z   with google_project_service.iam_api,
Terraform Plan Prod	Terraform Plan	2026-01-02T06:03:08.1686918Z   on main.tf line 44, in resource "google_project_service" "iam_api":
Terraform Plan Prod	Terraform Plan	2026-01-02T06:03:08.1687459Z   44: resource "google_project_service" "iam_api" {
Terraform Plan Prod	Terraform Plan	2026-01-02T06:03:08.1687778Z 
Terraform Plan Prod	Terraform Plan	2026-01-02T06:03:08.1712899Z 
Terraform Plan Prod	Terraform Plan	2026-01-02T06:03:08.1714089Z Error: Error when reading or editing Project Service calendarsync-napier/cloudresourcemanager.googleapis.com: googleapi: Error 403: The caller does not have permission, forbidden
Terraform Plan Prod	Terraform Plan	2026-01-02T06:03:08.1715110Z 
Terraform Plan Prod	Terraform Plan	2026-01-02T06:03:08.1715330Z   with google_project_service.cloudresourcemanager_api,
Terraform Plan Prod	Terraform Plan	2026-01-02T06:03:08.1715992Z   on main.tf line 49, in resource "google_project_service" "cloudresourcemanager_api":
Terraform Plan Prod	Terraform Plan	2026-01-02T06:03:08.1716697Z   49: resource "google_project_service" "cloudresourcemanager_api" {
Terraform Plan Prod	Terraform Plan	2026-01-02T06:03:08.1717091Z 
Terraform Plan Prod	Terraform Plan	2026-01-02T06:03:08.1738075Z 
Terraform Plan Prod	Terraform Plan	2026-01-02T06:03:08.1739096Z Error: Error when reading or editing Project Service calendarsync-napier/iamcredentials.googleapis.com: googleapi: Error 403: The caller does not have permission, forbidden
Terraform Plan Prod	Terraform Plan	2026-01-02T06:03:08.1740080Z 
Terraform Plan Prod	Terraform Plan	2026-01-02T06:03:08.1740261Z   with google_project_service.iamcredentials_api,
Terraform Plan Prod	Terraform Plan	2026-01-02T06:03:08.1740849Z   on main.tf line 54, in resource "google_project_service" "iamcredentials_api":
Terraform Plan Prod	Terraform Plan	2026-01-02T06:03:08.1741488Z   54: resource "google_project_service" "iamcredentials_api" {
Terraform Plan Prod	Terraform Plan	2026-01-02T06:03:08.1741817Z 
Terraform Plan Prod	Terraform Plan	2026-01-02T06:03:08.1762214Z 
Terraform Plan Prod	Terraform Plan	2026-01-02T06:03:08.1762953Z Error: the user does not have permission to access Project "calendarsync-napier" or it may not exist
Terraform Plan Prod	Terraform Plan	2026-01-02T06:03:08.1763724Z 
Terraform Plan Prod	Terraform Plan	2026-01-02T06:03:08.1763874Z   with data.google_project.project,
Terraform Plan Prod	Terraform Plan	2026-01-02T06:03:08.1764720Z   on main.tf line 182, in data "google_project" "project":
Terraform Plan Prod	Terraform Plan	2026-01-02T06:03:08.1765207Z  182: data "google_project" "project" {}
Terraform Plan Prod	Terraform Plan	2026-01-02T06:03:08.1765486Z 
Terraform Plan Prod	Terraform Plan	2026-01-02T06:03:08.1847988Z 
Terraform Plan Prod	Terraform Plan	2026-01-02T06:03:08.1849193Z Error: Error when reading or editing Project Service calendarsync-napier/firestore.googleapis.com: googleapi: Error 403: The caller does not have permission, forbidden
Terraform Plan Prod	Terraform Plan	2026-01-02T06:03:08.1850313Z 
Terraform Plan Prod	Terraform Plan	2026-01-02T06:03:08.1850651Z   with google_project_service.firestore_api,
Terraform Plan Prod	Terraform Plan	2026-01-02T06:03:08.1851308Z   on main.tf line 198, in resource "google_project_service" "firestore_api":
Terraform Plan Prod	Terraform Plan	2026-01-02T06:03:08.1852020Z  198: resource "google_project_service" "firestore_api" {
Terraform Plan Prod	Terraform Plan	2026-01-02T06:03:08.1852379Z 
Terraform Plan Prod	Terraform Plan	2026-01-02T06:03:08.1862046Z 
Terraform Plan Prod	Terraform Plan	2026-01-02T06:03:08.1863507Z Error: Error when reading or editing Project Service calendarsync-napier/secretmanager.googleapis.com: googleapi: Error 403: The caller does not have permission, forbidden
Terraform Plan Prod	Terraform Plan	2026-01-02T06:03:08.1864798Z 
Terraform Plan Prod	Terraform Plan	2026-01-02T06:03:08.1864986Z   with google_project_service.secretmanager_api,
Terraform Plan Prod	Terraform Plan	2026-01-02T06:03:08.1865582Z   on main.tf line 215, in resource "google_project_service" "secretmanager_api":
Terraform Plan Prod	Terraform Plan	2026-01-02T06:03:08.1866320Z  215: resource "google_project_service" "secretmanager_api" {
Terraform Plan Prod	Terraform Plan	2026-01-02T06:03:08.1866706Z 
Terraform Plan Prod	Terraform Plan	2026-01-02T06:03:08.1878498Z 
Terraform Plan Prod	Terraform Plan	2026-01-02T06:03:08.1879758Z Error: Error when reading or editing Project Service calendarsync-napier/serviceusage.googleapis.com: googleapi: Error 403: The caller does not have permission, forbidden
Terraform Plan Prod	Terraform Plan	2026-01-02T06:03:08.1880383Z 
Terraform Plan Prod	Terraform Plan	2026-01-02T06:03:08.1880514Z   with google_project_service.serviceusage_api,
Terraform Plan Prod	Terraform Plan	2026-01-02T06:03:08.1880897Z   on main.tf line 220, in resource "google_project_service" "serviceusage_api":
Terraform Plan Prod	Terraform Plan	2026-01-02T06:03:08.1881319Z  220: resource "google_project_service" "serviceusage_api" {
Terraform Plan Prod	Terraform Plan	2026-01-02T06:03:08.1881909Z 
Terraform Plan Prod	Terraform Plan	2026-01-02T06:03:08.2678720Z ##[error]Terraform exited with code 1.
Terraform Plan Prod	Terraform Plan	2026-01-02T06:03:08.2710841Z ##[error]Process completed with exit code 1.
Terraform Plan Prod	Plan Status	ï»¿2026-01-02T06:03:08.2811436Z ##[group]Run exit 1
Terraform Plan Prod	Plan Status	2026-01-02T06:03:08.2811758Z [36;1mexit 1[0m
Terraform Plan Prod	Plan Status	2026-01-02T06:03:08.2846203Z shell: /usr/bin/bash -e {0}
Terraform Plan Prod	Plan Status	2026-01-02T06:03:08.2846462Z env:
Terraform Plan Prod	Plan Status	2026-01-02T06:03:08.2846662Z   TF_VAR_github_owner: billnapier
Terraform Plan Prod	Plan Status	2026-01-02T06:03:08.2846933Z   TF_VAR_github_repo: calendarsync
Terraform Plan Prod	Plan Status	2026-01-02T06:03:08.2847190Z   TF_VAR_region: us-central1
Terraform Plan Prod	Plan Status	2026-01-02T06:03:08.2847423Z   TF_VAR_image_tag: latest
Terraform Plan Prod	Plan Status	2026-01-02T06:03:08.2847657Z   TF_VAR_project_id: calendarsync-napier
Terraform Plan Prod	Plan Status	2026-01-02T06:03:08.2847946Z   TF_VAR_service_name: python-cloudrun-app
Terraform Plan Prod	Plan Status	2026-01-02T06:03:08.2848249Z   TF_VAR_domain_name: calendarsync.billnapier.com
Terraform Plan Prod	Plan Status	2026-01-02T06:03:08.2848809Z   CLOUDSDK_AUTH_CREDENTIAL_FILE_OVERRIDE: /home/runner/work/calendarsync/calendarsync/gha-creds-aa41f73ac4e36431.json
Terraform Plan Prod	Plan Status	2026-01-02T06:03:08.2849596Z   GOOGLE_APPLICATION_CREDENTIALS: /home/runner/work/calendarsync/calendarsync/gha-creds-aa41f73ac4e36431.json
Terraform Plan Prod	Plan Status	2026-01-02T06:03:08.2850294Z   GOOGLE_GHA_CREDS_PATH: /home/runner/work/calendarsync/calendarsync/gha-creds-aa41f73ac4e36431.json
Terraform Plan Prod	Plan Status	2026-01-02T06:03:08.2850810Z   CLOUDSDK_CORE_PROJECT: calendarsync-napier-dev
Terraform Plan Prod	Plan Status	2026-01-02T06:03:08.2851117Z   CLOUDSDK_PROJECT: calendarsync-napier-dev
Terraform Plan Prod	Plan Status	2026-01-02T06:03:08.2851401Z   GCLOUD_PROJECT: calendarsync-napier-dev
Terraform Plan Prod	Plan Status	2026-01-02T06:03:08.2851680Z   GCP_PROJECT: calendarsync-napier-dev
Terraform Plan Prod	Plan Status	2026-01-02T06:03:08.2851971Z   GOOGLE_CLOUD_PROJECT: calendarsync-napier-dev
Terraform Plan Prod	Plan Status	2026-01-02T06:03:08.2852362Z   TERRAFORM_CLI_PATH: /home/runner/work/_temp/c91c0a02-a390-4fb3-b121-a3e4ac101e0a
Terraform Plan Prod	Plan Status	2026-01-02T06:03:08.2852729Z ##[endgroup]
Terraform Plan Prod	Plan Status	2026-01-02T06:03:08.2911818Z ##[error]Process completed with exit code 1.
Terraform Plan Prod	Post Authenticate to Google Cloud	ï»¿2026-01-02T06:03:08.3002500Z Post job cleanup.
Terraform Plan Prod	Post Authenticate to Google Cloud	2026-01-02T06:03:08.3838232Z Removed exported credentials at "/home/runner/work/calendarsync/calendarsync/gha-creds-aa41f73ac4e36431.json".
Terraform Plan Prod	Post Checkout	ï»¿2026-01-02T06:03:08.3958664Z Post job cleanup.
Terraform Plan Prod	Post Checkout	2026-01-02T06:03:08.4919748Z [command]/usr/bin/git version
Terraform Plan Prod	Post Checkout	2026-01-02T06:03:08.4960447Z git version 2.52.0
Terraform Plan Prod	Post Checkout	2026-01-02T06:03:08.5002962Z Temporarily overriding HOME='/home/runner/work/_temp/365211a4-5697-4900-a2bb-c4afdcdbc0c5' before making global git config changes
Terraform Plan Prod	Post Checkout	2026-01-02T06:03:08.5004111Z Adding repository directory to the temporary git global config as a safe directory
Terraform Plan Prod	Post Checkout	2026-01-02T06:03:08.5016923Z [command]/usr/bin/git config --global --add safe.directory /home/runner/work/calendarsync/calendarsync
Terraform Plan Prod	Post Checkout	2026-01-02T06:03:08.5053171Z [command]/usr/bin/git config --local --name-only --get-regexp core\.sshCommand
Terraform Plan Prod	Post Checkout	2026-01-02T06:03:08.5087156Z [command]/usr/bin/git submodule foreach --recursive sh -c "git config --local --name-only --get-regexp 'core\.sshCommand' && git config --local --unset-all 'core.sshCommand' || :"
Terraform Plan Prod	Post Checkout	2026-01-02T06:03:08.5332070Z [command]/usr/bin/git config --local --name-only --get-regexp http\.https\:\/\/github\.com\/\.extraheader
Terraform Plan Prod	Post Checkout	2026-01-02T06:03:08.5354566Z http.https://github.com/.extraheader
Terraform Plan Prod	Post Checkout	2026-01-02T06:03:08.5368357Z [command]/usr/bin/git config --local --unset-all http.https://github.com/.extraheader
Terraform Plan Prod	Post Checkout	2026-01-02T06:03:08.5401298Z [command]/usr/bin/git submodule foreach --recursive sh -c "git config --local --name-only --get-regexp 'http\.https\:\/\/github\.com\/\.extraheader' && git config --local --unset-all 'http.https://github.com/.extraheader' || :"
Terraform Plan Prod	Post Checkout	2026-01-02T06:03:08.5639940Z [command]/usr/bin/git config --local --name-only --get-regexp ^includeIf\.gitdir:
Terraform Plan Prod	Post Checkout	2026-01-02T06:03:08.5673972Z [command]/usr/bin/git submodule foreach --recursive git config --local --show-origin --name-only --get-regexp remote.origin.url
Terraform Plan Prod	Complete job	ï»¿2026-01-02T06:03:08.6028678Z Cleaning up orphan processes
